[cat dog dat meat rabbit dog cat]

 -> maps via MapperWrapper to -> 

(cat, 1)
(cat, 1)
(dat, 1)
(dog, 1)
(dog, 1)
(meat, 1)
(rabbit, 1)


 -> reduces via ReducerWrapper to -> 

(cat, 2)
(dat, 1)
(dog, 2)
(meat, 1)
(rabbit, 1)
