(cat, [1, 1, 1, 1])

 -> reduces via ReducerWrapper to -> 

(cat, 4)
